// Jest Snapshot v1, https://goo.gl/fbAQLP

exports[`ForecastDetails renders correctly 1`] = `
<DocumentFragment>
  <div
    class="forecast-details"
    data-testid="forecast-details"
  >
    <div
      class="forecast-details__date"
    >
      Thu 4th Jan
    </div>
    <div
      class="forecast-details__max-temperature"
    >
      Max Temperature:22°C
    </div>
    <div
      class="forecast-details__min-temperature"
    >
      Min temperature:12°C
    </div>
    <div
      class="forecast-details__humidity"
    >
      Humidity:80
    </div>
    <div
      class="forecast-details__wind-speed"
    >
      Wind speed:60
    </div>
    <div
      class="forecast-details__wind-direction"
    >
      Wind direction:sw
    </div>
  </div>
</DocumentFragment>
`;
